// Jest Snapshot v1, https://goo.gl/fbAQLP

exports[`Library matches snapshot 1`] = `
Array [
  <header
    className="header"
  >
    <span
      className="header__title"
    >
      THE LIBRARY
    </span>
    <div
      className="header__loading"
    >
      Loading
    </div>
  </header>,
  <div
    className="catalog"
  >
    <div
      style={
        Object {
          "height": 0,
          "overflow": "visible",
          "width": 0,
        }
      }
    >
      <div
        aria-label="grid"
        aria-readonly={true}
        className="ReactVirtualized__Grid ReactVirtualized__List"
        onScroll={[Function]}
        role="grid"
        style={
          Object {
            "WebkitOverflowScrolling": "touch",
            "boxSizing": "border-box",
            "direction": "ltr",
            "height": 0,
            "overflowX": "hidden",
            "overflowY": "auto",
            "position": "relative",
            "width": 0,
            "willChange": "transform",
          }
        }
        tabIndex={0}
      />
    </div>
  </div>,
]
`;
